woods
hanging
bringing
wednesday
kids
dnt
yahoo
listenin
>'s,
>'s.
want
travel
wrong
fit
screaming
2day
pumpkins
olds
needed
master
feeling
tech
saying
cooking
plate
nicely
patch
lots
nature
lookin
fri
.
much
fry
memorial
academic
ham
had
hay
has
hat
crowd
bottom
music
congratulations
layin
nicest
whoever
chair
ballet
jerk
exact
minute
celebrated
address
eatin
following
thanking
bien
\
didn
quarter
seriously
crazies
grandma
turned
zoo
opposite
boys
fix
west
photos
technology
being
traffic
yesss
yay!
bubble
yayy
with
dirty
trips
watched
cream
yoga
friggin
ppls
sang
sand
sane
morn
more
company
learn
knocked
huge
hugs
paper
bummed
bummer
sauce
everytime
research
:):):)
essays
overwhelmed
insane
showed
retarded
belt
awake
34
3,
nickname
kno
knw
parents
couple
chorus
bounce
and/or
mouth
berealorbegone
into
train
decorating
video
orleans
derby
makes
maker
confidence
customer
rode
comedy
intelligent
snake
books
'
could
stomach
tonight
tape
sinus
taxes
stuff
ohio
(7)
frame
staring
escape
hahaha
tattoo
off
crack
become
gymnastics
passion
biology
swimming
letters
brownies
excitement
problem
details
monkey
yeaaa
yikes
spin
worth
panda
anddd
stressed
bro
nine
sweater
cuddle
elbow
nuts
birth
certified
another
dogs
cereal
aunt
haunted
runs
kitchen
tons
gratitude
sleepover
hav
dizzy
client
thanks
night
festivities
teehee
test
o'clock
}
songs
battle
gud
turns
gun
gum
<LULZ>
guy
=).
shared
=)"
2:30
hadn't
teacher
sending
regardless
extra
nguyen
chip
still
drop
yeah
year
tangled
caught
pittsburgh
apples
importantly
7:30
burst
hurts
madness
sledding
foot
death
fortune
exciting
night:)
isn't
shower
poor
poop
games
pool
chain
decide
<LINK>
startin
ass
streets
textin
bass
inspired
ask
dios
downloading
anytime
roommates
haven't
evening
ninja
bless
heavy
american
rawr
shirts
wasnt
randomly
physics
kalen
league
wouldn't
30am
empty
grand
obviously
procrastinating
showing
dearly
lips
silence
ordered
application
department
smiles
smiley
smiled
telling
jump
vampire
manage
camera
boards
meee
meet
pulling
a/c
including
university
slide
raised
|
time.
time!
blahhh
times
timee
margaritas
bitch
wrapped
indy
brighten
brighter
kicking
key
tuesday
paranormal
amo
shhh
cocoa
pointless
gain
highest
kisses
beats
kissed
swan
sorry
me!
me.
me?
men
meh
met
room
roof
movies
root
third
looove
skyping
deathly
personal
crew
combination
forgot
u.s.
hoodie
brrr
2am
begins
weekends
weekend!
effing
testing
seems
omg
$
asks
lovely
ugly
cant
realizing
meets
yours
deal
dead
dear
afternoon
down
tennis
batman
awhile
happening
father
talked
box
boy
bow
bon
boo
teenage
kiddos
fuck
police
lunch
carnival
jumping
waited
first
speaking
200
treasure
get
gee
experience
wonder
august
tour
considering
wake
hardcore
promising
flavor
've
each
distracted
spice
u
zero
karaoke
hour
sucks
needs
acts
dragon
portland
sickness
they'll
toe
click
eggs
tuesdays
gunna
grounded
point
tennessee
expensive
corner
easter
knock
cloud
murphy
constant
cure
curl
utterly
cooked
groceries
entire
havent
today
packing
healing
drops
skool
halloween
closing
didnt
holds
profile
chasing
report
ya'll
yard
whooo
whoop
whoot
reached
braces
have
disease
knowledge
pull
monopoly
teams
it's
it'd
frustrating
stores
like
chick
hair
:-d
:-p
:-(
:-)
:-/
socks
coke
flip
dyed
dressed
dresses
stayin
@
nail
kentucky
leaves
excellent
farmville
ceremony
salsa
funniest
detroit
day.
day!
dayy
days
lovable
bridge
thoroughly
situations
minnesota
bed
muy
mud
mug
finger
mum
muh
fault
prepared
youth
shortly
ocean
snowman
grades
followed
gave
breaks
ahh
[]
ppl
stuck
nerds
sometime
timeee
papers
picture
football
faster
row
yippee
irritated
goes
witch
figure
fourth
rollin
dreading
farewell
eagle
cards
havnt
proud
tron
cheap
jazz
jokes
signs
tues
cakes
quiet
period
turkey
direction
case
casa
cash
cast
status
polish
tower
michigan
feliz
deserve
finale
finals
missouri
decisions
apartment
treating
cookie
sub
sun
sum
gardens
toes
charge
horses
pairs
antibiotics
cookin
adventure
cook
isnt
soccer
somebody
hill
story
gpa
storm
store
luckily
kind
motivation
lying
grandmas
mom's
emails
wrote
solo
sold
attention
flight
homework
shirt
9
daughters
higher
try
questions
virus
impressed
hasn't
rally
rainbow
nice
meaning
buffalo
ugh
include
wrestling
reunion
chose
frog
<propfemale>'s
somethin
glee
traveling
night's
g
daniels
unknown
who
why
30pm
chapters
pleased
married
joy
job
jog
april
warming
ripped
pasta
paste
rare
conclusion
kinds
kinda
yellow
miller
6pm
up!
spoke
again:)
successful
hurt
complaining
damage
machine
place
wins
keeps
wing
wind
wine
__
silver
financial
heading
legs
wisdom
responsible
causing
professor
bomb
menu
theme
midterms
best
pirate
adventures
rangers
life
lift
child
chili
babies
people
energy
happy
tournament
hungry
exist
solved
current
wherever
studies
afford
deserved
believes
winter
blasting
date
insomnia
bowling
million
vote
2
future
tastes
take
surgery
1:30
twin
breath
bros
intense
cheers
pop
scouts
act
parties
buying
agree
gone
ac
ohh
ad
ah
aj
am
an
ap
as
at
aw
az
a-
a.
a:
dressing
labor
dinosaur
youuu
beautiful
accept
autumn
backyard
darling
bubba
imagine
relationship
obama
fights
set
sex
see
sea
drunk
community
fun.
funn
sims
furniture
sight
somehow
anything
eleven
nieces
walked
essay
results
send
sent
cheered
process
high
notebook
kiss
latest
owned
jesus
owner
painful
clearly
sorta
you'll
planted
hope
email
drum
drug
co
ca
cd
ct
apologize
atlanta
laser
romance
ball
moments
realize
crisp
shoes
official
badass
oldest
drinkin
blanket
upload
disc
+
hmmm
celebration
smoke
indiana
chilly
strangers
forth
appointments
people's
festival
=p.
:):):):)
crush
psych
requests
families
rain
kept
repost
adding
spread
nevermind
comments
diner
anime
r.i.p
together
reception
vampires
grape
zone
hump
flash
pays
change
live
jam
riding
sleeep
remember
candles
paramore
cold
birds
window
half
hall
halo
em
el
en
eh
ex
ew
er
opened
space
emilyy
shows
e.
impossible
sheet
silent
cleaned
breakfast
propmale
sunset
embrace
heels
finish
theater
touch
9:30
real
read
hectic
greatly
heater
2nite
prepare
sales
mp3
very
psychology
answers
stuffing
^.^
overnight
feel
fool
food
desperately
since
ash
cheering
juice
pnut
zumba
pretty
gloves
wed
liked
battery
likes
describes
else
used
temporary
nights
grind
praying
havin
march
brakes
run
rub
rolls
russian
doesn
night!
visits
required
gf
ga
go
wizard
g'
download
cupcakes
pressure
products
poetry
pink
agenda
pure
changed
attack
bet
anyway
she
written
horrible
neither
precious
brunch
lately
woman
kick
sonic
fate
inner
limit
meteor
jamming
up.
ups
upp
9pm
never
piercing
tell
give
euphonium
soaking
taught
grease
ish
isn
loud
hook
hood
packed
matter
es
stop
picking
sunshine
near
iz
is
it
iv
ii
im
il
in
id
if
bottles
i,
i.
-post
burn
pair
fireworks
daddy
sticks
dies
diet
died
assume
skip
skin
answered
string
accidentally
ridin
till
sunday
guys
maybe
cute
cuts
smoothie
tomorow
texas
killer
sooner
killed
language
lexi
gotta
were
killing
according
jk
arts
>_<
those
middle
sami
same
roommate
wifey
cancer
hopin
blankets
nose
l
<3<3<3
gross
awsome
broken
mornings
fricken
belated
strawberry
girlfriend
lifetime
field
offered
obsessed
students
starting
imma
scout
search
none
compare
blood
coat
dough
walls
suprise
idea
insurance
goodies
weigh
nervous
cheaper
individual
n(=t0¡
throughout
create
panera
understand
moment
y
chemistry
>.>
>.<
excited
matters
pet
pep
per
pee
beans
homemade
forward
fun:)
kickin
lunar
11:30
knight
seconds
cleanin
mannn
ashamed
addiction
hugged
don't.
red
re-
light
eight
5pm
national
legit
passing
glorious
laugh
flew
center
oops
seats
work.
works
grrr
buy
bus
but
bum
bug
minutes
pride
semi
every
street
disney
varsity
me
mo
mi
mt
ms
my
joyous
end
enter
using
fall
:(,
filling
victory
goo
god
got
already
too!
too.
rockin
tooo
tool
serve
took
talking
stood
geez
geek
uhhh
aquarium
teachers
several
"-
".
apart
gift
ice
christmas
sept
law
head
heal
hear
adore
bake
options
cinnamon
combo
chocolate
dropped
worship
wasting
conversations
opera
pokemon
convention
hun
r
considered
80's
freaking
fails
pole
swift
hardly
paying
life!
life.
shifts
scheduled
ivvc
cowboys
o'
goofy
update
on
ok
oh
of
oc
oz
ow
communication
everyone
jus
applying
beds
program
presentation
rate
design
deeply
guns
andrews
sticking
thankfully
texts
textt
tryna
inch
bigger
paradise
teach
pains
$5
tommorow
b
procrastination
activity
watchin
succeed
license
bangs
fucking
volunteering
we're
mountains
ke
drinking
cozy
pushing
something
summers
united
swear
permanent
orange
*
boring
asshole
=
planning
q:
brain
respect
ave
definately
beast
fishing
now
tryouts
loser
owl
own
owe
fundraiser
appt
apps
record
raining
four
thunder
skyview
k
>'s
easier
schools
series
tomorrow
basketball
crawl
well.
doors
camp
came
rings
yogurt
country
planned
excited!
excited.
worked
shift
truely
livin
previous
son
soy
sox
support
inside
skate
pen
icing
settle
sign
understanding
fake
angry
wicked
pretend
pumpkin
allowed
st
si
so
sn
sa
sf
se
torn
open
lawn
laws
assistant
anyways
many
caring
ive
(i
trenedy
(:
starving
around
(<
lobster
memories
transformers
internship
her
hes
handsome
mask
call
6
waves
refuse
wrk
sucked
found
castle
guess
guest
jet
giving
spirits
races
packers
swim
tomorro
d
continue
partying
spring
curious
blackberry
colorado
u,
u.
suit
u!
inches
t-shirt
up
us
ur
um
uh
comming
fixing
holes
fresh
race
everythings
graduating
casino
holmes
delay
move
2011
2010
saving
put
bother
hangover
waffles
*<
painting
oreos
bring
should
ends
invited
wth
spain
insanely
sherlock
</3
drink
checking
cedar
nerves
blowing
eastern
bike
eventually
daughter
me:(
me:)
veggies
interview
beach
after
salon
japan
woken
pjs
rocks
lifted
created
thick
messing
minus
anatomy
voting
personality
w/
we
terms
eventful
fest
air
aim
aid
arent
contact
gods
board
retreat
tonight!
/
beating
trees
phew
bound
old
appear
coloring
homecoming
prove
car
cat
can
cal
clothing
january
happen
:(:(
card
care
british
message
drove
checked
wolf
price
]
forever
maine
icecream
saints
asleep
blame
sadly
2pm
applebees
rules
listening
ewww
throw
jenn
sadness
tengo
statuses
:(
him.
loose
toys
yuck
offically
history
sneak
sooo
held
yo
you've
yr
sundays
stopped
issue
reason
banana
experienced
experiences
17th
grew
potential
steelers
toward
secrets
woke
look
loop
tests
reads
ready
11pm
saturdays
delivered
step
lasts
ache
hired
shiny
nonsense
.)
.,
.!
.'
.]
uber
honors
sausage
poke
commercial
wif
win
wii
wit
started
crossed
wonderful
engineering
shaking
confess
completely
shrek
such
management
close
lip
camper
mocha
based
tire
bestest
wish
driveway
supernatural
grr
kings
yay
slowly
ya'
bucks
strange
well
welp
gonna
puppies
tongue
turtle
stories
whose
lehigh
wreck
tonight's
102
100
101
economics
credit
pack
adult
president
therapy
meat
bone
mean
navy
distance
mini
mind
mine
mint
regular
explain
sugar
decides
fluffy
decided
00
pets
against
path
loaded
san
website
mouse
belly
garlic
kid
aside
human
character
performing
popular
ribs
valentines
carving
aunts
potato
choir
it'll
mr
dude
mas
mad
mah
man
tall
talk
wishing
rock
gonzalez
gots
cough
advance
thing
think
crib
sounds
cheesy
eyes
cheesecake
shop
shot
nearly
6:30
speech
oil
climbing
money
yaaay
o.o
blessed
strip
4:30
downstairs
romantic
deer
deep
general
drivers
effin
tireddd
gon
decorated
alright
bible
sister's
eye
two
pocket
paragraph
ensemble
playing
suffer
24
25
26
27
20
21
22
28
29
2:
2!
2,
2.
2)
complain
drake
print
disneyland
members
dont
done
para
park
dentist
part
recording
majority
becca
waitin
extremely
ruin
unhappy
contagious
common
fans
danced
dropping
gay
gah
wedding
replaced
aches
purpose
mirror
ufc
lesson
're
;d
ddd
payday
blizzard
trail
iii
account
obvious
favorite
psyched
lame
9am
kindergarten
willing
spell
tubing
math
completed
visited
normally
inspiring
nightmares
swallow
proposal
bull
someones
wachin
although
actual
biggest
campus
4:
48
45
42
40
4.
4,
4)
entertainment
fabulous
hospital
ut
aching
london
potatoes
fitness
hehe
onto
hearing
urban
ankle
greatest
pineapple
campbell
noodles
weak
wear
trust
would've
savings
alabama
teenager
hunt
plus
dayyy
spongebob
wireless
:)~
:)?
:)"
:)!
:).
:),
focus
cool
hawaii
cord
pedi
healthy
iphone
leavin
crashed
liquid
manana
lonely
name
soon.
soon!
tuned
obsession
oklahoma
calories
butterflies
plane
swing
childhood
cops
copy
rent
marathon
heat
nightmare
duty
pot
por
6.
60
poo
69
6:
500
blessing
tiger
careful
cartoon
ranch
nc
halfway
kills
cell
sanity
1am
shrimp
stand
ladies
hasnt
all
thursday
awful
roomie
minor
basically
v
court
goal
algebra
softball
style
pray
friendship
expect
prolly
wondered
reallly
feed
feet
hotel
nightt
nighty
night.
outfit
loveee
holidays
weird
cheer
better:)
wonderland
wanna
mommy
momma
highlight
blahh
problems
helping
lower
prep
bittersweet
sis
sit
six
sin
scrubs
worlds
8.
8:
85
ipod
river
movin
up:)
frustrated
wall
walk
crappy
education
gets
attractive
sophomore
devil
stay
universe
yankee
kidding
made
temp
whether
friend's
>:("
lord
now:)
bacon
tires
second
fingers
hero
here
holy
hole
hoo
how
hop
hoy
beauty
r.i.p.
today's
bitter
pneumonia
hug
huh
busy
bust
bush
touched
release
result
wtf
accident
asked
30th
pro
played
player
thingy
things
any
tune
someone's
easy
east
creative
o
slightly
offer
notifications
floor
smell
rolling
time
:-
:/
:)
:*
:3
:o
:d
:|
:p
:]
rents
grandparents
funeral
alone
along
nowhere
prefer
homesick
oregon
snow
latte
suck
truck
thumb
ridiculous
boyfriend
note
sale
salt
slow
tears
going
beatles
borrow
where
screwed
before
jobs
spare
boat
grumpy
hubby
color
noon
nooo
power
complete
exhausted
certain
consider
spoiled
laying
fashion
social
cooler
dress
attitude
snowball
blues
really
smile
currently
rite
sweetheart
<3
ducks
triple
barnes
surprises
can't
surprised
projects
repair
spending
:
ago
age
annoyed
carrying
(5)
chillin
torture
continues
marry
yayyy
odd
popcorn
opinion
ol
animals
this
thin
or
motorcycle
cage
doing
shut
scary
pudding
scare
scarf
haven
calculus
bedroom
h
btw
etc
tlk
drank
optimistic
garage
literally
puts
luck
rule
saved
relationships
walks
voted
chapel
phones
7th
told
wrapping
itunes
craving
word
worn
order
office
techno
>:
>;
>)
>*
>,
>-
comin
>!
>'
decorations
>s
hike
laterr
hacking
failing
phase
boyfriends
nephew
steak
yep
pedicure
received
ill
ily
speak
b-day
mistake
mayo
xbox
dying
reality
dance
bball
brown
brownie
vegas
trouble
lemonade
today:)
southern
typical
=(
showered
couldn
honest
~peace2all~peace-out~one
recover
online
tooth
professional
crashing
3
couldn't
coolest
business
youu
your
area
you.
you!
you
building
tomorrows
tomorrow!
tomorrow.
wisconsin
darkness
emotions
21st
trunk
@<
aaahhh
stayed
tried
a
relaxin
beyond
upon
terribly
expecting
missed
lie
lil
lit
useless
clear
clean
hyper
circle
frickin
filled
2moro
both
headed
naps
while
80
desk
eff
added
eating
sake
block
registered
info
nah
practically
youtube
does
vehicle
becomes
salad
ride
won't
mentioned
errands
snuggling
masters
5t3d
attending
geometry
sleepless
adopted
beside
exactly
!
that'll
screw
aww
awe
earned
winner
employee
overall
powder
stats
state
career
minds
balloon
effect
flies
logged
5am
twitter
ps
due
todayy
captain
presents
today!
today.
even
ever
aren't
permit
cali
laughs
deck
,
tickets
downs
starts
anybody
chest
chess
bat
bar
bay
bad
bam
bah
olympics
college
awesomely
three
threw
gracias
suppose
balance
mexico
sushi
seattle
walkin
super
sheets
floating
playoffs
suicide
wore
did
die
dig
dip
work
knees
everybody
fly
flu
soul
soup
sour
6th
thank
thanx
mail
main
girl
living
correct
yess
slept
seat
here's
channel
track
muffin
satisfied
across
lyfe
stalking
forgotten
fried
mart
mars
shopping
slumber
warning
bags
different
good:)
bottle
among
lightning
despicable
resolution
burger
cancelled
2mrw
ain't
sudden
response
pt
>?
someone
>.
house
extended
comic
acting
pc
treated
built
build
flute
joining
fine
find
11th
:(:(:(
please
powers
raise
tgif
solid
forced
keys
flags
follows
circles
contacts
remembered
use
&
graduation
hoped
hopes
%
desert
2009
bleeding
chicago
extreme
out!
collection
cuddling
lines
mention
cutting
:/.
marley
lecture
steal
hahahaha
roadtrip
beat
bear
bean
progress
home.
appearance
though.
fucked
thought
dryer
alive
noise
guard
pic
pig
pit
hating
regrets
risk
mw2
>:-(
jogging
25th
hunny
gate
poker
mouthy
over
oven
ramen
destroyed
20th
classes
ran
raw
rat
metal
quotes
bingo
lasagna
characters
mother's
laptop
theyre
sunburned
presence
uncle
removed
trig
check
tip
til
tie
phoenix
humor
longer
neighbors
boredd
sucky
quick
stands
remain
reply
plz
water
baseball
memory
robinson
comfort
factory
hacked
cannot
plastic
snows
senior
able
woot
tomorrow:)
wood
wooo
dye
wayy
ways
review
reminded
reminder
driver
drives
kill
blow
hint
everyone's
mystery
makin
numb
scores
intro
painted
hmu
may
hmm
lack
everyones
switched
siblings
song
far
everyone!
fat
sons
fan
fam
spendin
mmm
beginning
stick
sandwich
roads
don't
member
fancy
brave
regret
passes
passed
syrup
headache
option
relieved
sandwiches
reach
windows
hip
his
hit
banquet
tomorrowww
bars
barn
downloaded
became
8am
whos
whom
whoo
whoa
who's
berealorbegone~peace2all~peace-out~one
helpful
ignore
market
foood
peppermint
clue
idiots
rabbit
women
gabby
gurl
breast
dearest
write
choose
covered
york
conversation
b-
overtime
?!
ahold
bitches
highschool
chicken
debate
craziness
ones
11am
<3<3
vanilla
choices
wild
premiere
english
happiness
searching
11:
leaf
lead
brush
goodness
boot
book
boom
booo
junk
therefore
unfortunately
locked
locker
pooped
absolute
lost
18th
horribly
spray
zac
service
dozen
singer
scream
baby's
bliss
rice
karate
tomarrow
bored
blonde
union
split
supper
d:)
shadow
stoked
roll
osu
choice
stays
accomplished
working
laundry
swollen
pulled
years
troubles
year!
complicated
one
looong
illness
could've
vision
notice
refreshed
enjoys
awards
s
wants
runnin
situation
engaged
wheels
nothin
world
happened
rush
puppy
24th
small
meds
past
pass
anywho
clock
full
november
<propmale>'s
3:30
¡
door
dooo
smiling
definition
tummy
sell
self
also
sometimes
barrel
caramel
tree
project
15th
last
connection
cnt
emergency
benefit
welll
deserves
spam
opens
chat
land
uploaded
harbor
that.
thats
next
babe
baby
lock
realized
perfect
glasses
bump
length
scene
ordering
dishes
tired
thanksgiving
jaw
>
colts
web
wee
wet
pies
places
placed
compared
repeat
tryin
recovery
provide
appreciate
coffee
safe
dammit
n(=t0À
wasted
december
gravy
nobody
germany
sleepy
w/o
away
attacked
cone
:(!
:("
:(.
wheel
hand
camping
musical
shout
born
bord
confusing
asking
adorable
prayer
let's
=)=)=)
a's
sooon
cost
pillow
wonderfully
didn't
lounge
non
not
nor
blind
blink
ring
appreciated
titans
attempting
mrs
discovered
snack
aaand
wait!
sick:(
150
actually
<propfirst>'s
joke
'.
ps3
twelve
^_^
stare
start
stars
allergic
delayed
rjh
month
horror
w/my
learned
except
grill
cutie
starbucks
miss
7
houses
loads
horse
station
sigh
hundred
boredom
grey
justice
feels
pretending
pictures
missing
happy:)
lived
lives
smart
guide
000
lik
eee
wouldnt
classical
e
dvd
friendly
wave
blog
econ
stole
farm
thunderstorm
yrs
costume
you're
snowed
tunes
tent
hits
shoulders
mega
parts
party
twilight
loss
necessary
episodes
lose
library
home
ultrasound
north
strawberries
likely
fantastic
survive
skype
stressing
foods
amazing
goodbye
wut
bonus
ihop
resume

warped
fml
tells
hide
watermelon
supplies
ears
wears
cousin
propfirst
basic
seven
settled
yea
yes
yet
omfg
save
zombies
staff
oreo
flying
average
3.
muffins
holla
roomies
journey
weekend
jacket
0
hooray
round
unexpected
dealing
visit
ahhh
making
idk
freezing
basket
group
interesting
performance
rehearsal
takin
storms
awareness
morning
enough
ima
^
sound
coco
sleeping
p90x
outdoor
nap
outs
knife
out.
mondays
again
enjoying
sitting
bestie
pre
washing
perspective
caffeine
misery
landed
wal-mart
duper
coming
through
golfing
messed
fantasy
needing
tonighttt
showers
couch
express
bak
pissed
restaurant
hangout
2night
migraine
(4)
task
shape
cut
cus
cup
cuz
kinect
source
absolutely
girl's
decision
epic
prices
invite
planet
cafe
pickles
happy.
happy!
strep
dessert
talent
climb
butler
4am
package
preschool
10pm
cider
diaries
eww
que
backwards
hey
babys
throat
hopefully
fixed
news
partner
)
sisters
gma
time:)
female
periods
school
bestfriend
n
blue
would
appointment
400
iowa
wayyy
saturday
laid
t-
nite
bears
heck
final
yucky
dads
entertaining
colors
bruise
despite
grandmother
however
conference
<MENTION>
burns
burnt
avatar
awesome
deleted
necklace
dinner
…
bath
gorgeous
setting
whew
level
posts
cloudy
i’m
pork
entertain
exams
nursing
gas
tommorrow
catching
yup
parking
sure
later
urge
y'all
spirit
granted
nighter
yeahhh
week
weee
weed
without
relief
when
lets
donations
competition
mood
there
treat
ended
taste
tasty
roses
wiff
wife
wifi
list
liars
version
christian
milkshake
donuts
flat
flag
á
besides
rather
okay
shore
bout
clouds
weight
alcohol
friday
snowboarding
fallen
"
8:30
electric
sweet
dudes
village
demand
frozen
wierd
states
zombie
range
auntie
question
international
shes
peach
peace
happier
gang
itll
confirmation
you'd
ummm
degree
leaving
>=)
app
apt
eagles
midterm
attend
wrist
taco
holiday
dreaming
cry
our
out
twas
doesn't
fear
local
available
:d.
bought
opening
:d!
(9)
~
thus
perhaps
difficult
weekend:)
facial
press
wonders
church
<CAPS>
weather
promise
transfer
incredible
incredibly
todays
oooh
ahead
dorm
dork
i'd
military
i'm
sweetest
relax
organized
turn
yum
wash
wasn
listen
flippin
guys!
doin
letter
episode
respond
blew
fail
bleh
fairly
tops
shitty
suffering
possible
possibly
unique
steph
for
fox
fog
umm
dental
lions
dollars
calm
tigers
calc
airbender
crutches
began
vet
tear
subway
team
bonfire
jammin
love
bloody
positive
wondering
muah
spot
applications
feelin
answer
potter
mucho
typing
much!
walking
hockey
16th
jets
guitar
yelled
vacation
thousand
skies
playin
thinks
tube
went
freaked
technically
they're
having
original
condition
turning
section
nurse
hours
pics
pick
action
#2
keeping
science
sense
information
mexican
skipped
always
misses
w
number
twisted
appreciation
grace
determined
marriage
remembers
play
yawn
plan
session
failed
anxiety
preparing
:-)"
:-).
nope
whole
acceptance
hitting
what's
funny
funnn
recent
b.
b4
be
bc
bt
bs
every1
relaxed
link
line
phantom
meals
hella
dislike
twins
bird
led
leg
let
jeans
standing
doubt
animal
bag
bunches
surely
blown
tomato
studying
sweetie
grass
2012
surprisingly
phi
dust
replacement
thier
kitties
avoid
truth
stage
sister
finaly
count
smooth
hilarious
women's
honor
above
study
aka
titanic
fudge
bday
chilled
chillen
greek
green
somewhere
then
them
thee
they
recovering
chopped
strength
juss
d:
sentence
do
di
dd
de
dc
da
dr
ds
sux
o_o
cow
cod
com
con
petty
voice
ohhh
plates
evil
thx
tht
tho
the
tha
hills
cape
security
purple
fight
interested
blast
p
lakers
hiking
meant
7pm
spa
productive
means
indeed
haircut
snuggie
wont
amazingly
size
friend
mostly
short
becuz
angel
13th
anger
husband
concert
cruise
yumm
article
talented
comes
coworkers
fruit
mentally
burrito
speed
aced
lady
pounds
central
jones
trying
bucket
describe
moved
nerd
strings
strong
colored
finally
site
broke
hurry
spontaneous
idaho
ft
fb
fl
fo
bugs
auburn
fully
trailer
dirt
base
comfy
behind
towards
quote
eaten
famous
during
wow
won
piss
buzz
wait
pilgrim
anymore
belong
tiring
faith
seeing
himself
daylight
adults
sharing
ending
she's
;
9th
focused
arrive
tunnel
1/2
mode
one's
it:)
keep
fuzzy
herself
montana
prayers
luv
joys
jersey
route
kicks
resident
ing
sarcastic
paycheck
i
headin
nate
sissy
liking
noticed
hr
hs
hp
hw
hi
hm
ha
he
twist
rescue
affect
new
county
counts
recommend
type
posting
keyboard
surprise
revenge
messages
fuckin
girly
girls
niece
medical
points
you:)
there's
springs
voices
tank
chilling
shame
jealous
pandora
answering
ops
tmrw
puking
yelling
nerve
negative
fork
form
fort
delete
classic
ship
shit
hangin
felt
fell
award
billion
yummy
yummm
marks
shave
schoool
heres
priceless
thru
ooo
ooh
savior
effort
wallet
growing
crazy
moves
grow
outline
chef
jail
bullshit
stupid
monster
amigos
pain
paid
curled
black
honesty
j.
pump
reading
jr
je
tub
lopez
cancel
totally
amazed
backs
4
giggle
island
bonding
wasn't
videos
shelter
mothers
reminding
airport
dew
dem
den
dec
def
:):)
drained
everyday
doctor
pleasure
late
dolls
pan
pathetic
pleasant
twenty
paint
mama
courage
alot
secret
fun
assignment
spent
spend
mon
mom
hated
hates
back
from
8pm
creepy
peanut
putting
doggy
19th
named
names
themselves
praise
philosophy
awesome!
bunch
la
lo
ll
criminal
mommy's
retail
w.
gnite
wakes
comfortable
tide
busted
comment
pouring
usual
coaster
lemon
burgers
slight
hot
!)
!,
doesnt
!?
wise
baker
baked
hate
enjoy
shining
children
studio
feelings
breathe
shoot
join
mornin
mess
washed
western
lbs
-
treats
flow
random
tries
photo
twice
shots
duck
nun
360
boss
beef
been
beer
terrible
downtown
bands
amor
core
corn
mass
nj
no
na
commercials
nd
ne
ny
nt
n'
ouch
advantage
confused
[
thirty
1st
msg
laughter
doctors
arm
float
begun
theory
1000
lmao
)=?/
dissapointed
and
falls
connor
freshman
recipe
favor
true
penguins
picnic
#1
ability
promised
events
todos
changing
recital
model
kingdom
easily
buddies
legal
welcome
don
decent
750
idiot
flower
included
follow
worse
worst
bubbles
ten
tea
directions
cause
breaking
september
mission
life:)
might
nephews
4pm
health
thrown
year's
blank
i'ma
curse
10am
bff
korea
recently
reasons
pe
pm
batch
lovin
xoxo
fast
fries
issues
cap
youre
sexy
dates
feb
usa
few
sort
infection
sore
topic
looks
god's
academy
patients
refreshing
visiting
looked
cake
cross
fighting
cried
other
album
cars
marching
replace
paperwork
counter
woo
rd
re
ra
soaked
thrilled
lessons
waaay
haters
ridiculously
sleeps
creek
txt
losing
memorable
thankful
'<
'!
',
ehhh
't
's
'd
skiing
leave
spiritual
melt
jury
brilliant
everywhere
truly
natural
nation
square
city
bite
physically
stuffed
depressed
alley
babysit
drive
thurs
bright
worried
worries
screen
walmart
purse
awesomeness
rest
dark
darn
dare
survived
october
tight
day:)
tx
tv
tu
to
tail
th
te
smh
cable
joined
large
tomoro
gosh
suggestions
register
volleyball
upstairs
grocery
wishin
(3)
accepting
golf
gold
body
monsters
compliment
knowing
thou
),
).
)!
resting
straight
person
formal
palm
dating
poster
posted
shine
scratch
enjoyable
seemed
young
magic
anxious
spaghetti
punch
invented
cousins
{
practicing
challenge
bones
awesomest
degrees
betta
tonights
fair
system
shorts
depressing
babes
;-)
courtesy
face
fact
score
listened
va
vs
emotionally
drawing
rooms
government
password
canyon
constantly
convince
=-)
=-(
again.
again!
ghost
lasted
chill
special
chem
officially
crunch
items
graders
highly
total
pizza
earlier
south
whip
band
bang
bank
hooked
medicine
-<
delicious
enjoyed
hrs
ipad
nasty
miserable
warmth
applied
skipping
perform
boxes
unless
post
months
waz
way
wat
was
war
becoming
moore
brothers
daddy's
grateful
certainly
kitten
uniform
usually
quizzes
heart
heard
pills
looking
argh
xd
xp
x)
sociology
slap
fifth
help
only
soon
celebrate
hell
sport
between
snuggle
these
trick
orientation
canceled
figuring
closest
favorites
cupcake
breeze
spectacular
miracle
t
log
lol
los
low
lot
surrounded
cookies
vegetarian
family
takes
excuse
dream
mcdonalds
hittin
selling
taken
kat
northern
damn
older
friends:)
game
wings
within
great
kidney
assignments
booty
boots
waking
booth
crap
crab
6am
blessings
madre
definitely
hands
crossing
(8)
long
perfectly
editing
hopeful
gray
grab
j
admit
quit
quiz
hernandez
pie
wooohooo
shooting
dose
mistakes
smash
freedom
couldnt
goals
eat
talkin
friends
asian
baking
orchestra
dry
ignoring
___
wars
untill
attempt
weeks
smoking
week.
roast
side
tales
fave
hollywood
gym
boarding
sees
modern
seen
seem
seek
:)<3
mashed
7am
doo
doc
alarm
m
dog
hunger
folks
coast
grandma's
kicked
uno
personally
make
opportunity
butter
dreams
shoulder
grading
whats
failure
phone
teeth
managed
tacos
):
happens
neck
canada
smells
headphones
xmas
anyone
butt
11
10
15
14
17
19
18
1:
1)
1-
1.
insanity
estoy
dull
sleepin
seein
12th
.”
pile
pill
either
served
mixed
soda
film
fill
important
dollar
returning
bleach
difference
returned
public
table
wanted
wiped
there.
fed
indian
advice
internet
inception
todayyy
>=(
fish
hard
computers
least
supposed
most
8
remove
garcia
lion
burned
nashville
simple
simply
homies
good!
good.
patient
300
audition
oatmeal
cheeks
single
donated
helps
exercise
3d
exchange
3:
33
32
31
30
36
35
3)
3-
upcoming
f
oct
shy
greater
february
bueno
cabin
apparently
congrats
mid
mix
mis
request
skinny
theres
taking
gona
finished
volunteer
almost
jelly
takers
sunburn
jello
muscle
add
match
italian
school's
pepper
about
nationals
skating
town
goin
under
zach
letting
badly
tonight:)
ultimate
icky
toy
top
ton
too
longgg
10th
though
plenty
radio
watch
quickly
expected
drugs
stopping
suggest
mother
thumbs
elf
5k
judge
5:
55
50
5.
5)
successfully
chapter
p.s.
y'
ruined
decorate
annoying
faithful
coach
peeps
loveable
guilty
(
sports
counting
1
term
ughh
shouldn't
grad
=(.
given
district
gives
cheerleading
released
alas
freeze
desperate
cleared
outside
afterwards
dis
myself
trip
nest
magical
reward
ya
tis
accepted
bracelet
nails
jeez
jeep
buds
kittens
artist
countdown
chinese
dish
barely
activities
highway
what
racing
heaven
semester
scurlock
knows
known
glad
pong
resort
mates
heads
yall
says
finding
propfemale
7.
jst
75
72
70
nothing
7:
latin
creating
rocking
peoples
chickens
birthday
customers
moody
access
freak
cover
rainy
rains
missin
beers
once
breathing
?
someday
smaller
dad's
anywhere
instead
abuse
honestly
relay
washington
feast
bills
related
4th
father's
their
july
picked
which
class
chances
ear
lemme
piano
watching
midnight
awww
chips
exam
amen
he's
present
unlike
é
student
fever
smith
miami
fun!
scared
14th
sweat
below
myy
fire
snowing
summer
iloveyou
until
9.
brings
99
glass
9:
90
95
96
smack
addicted
spider
grapes
ate
atm
boston
season
shall
macbook
five
goodnight
rolled
roller
10:
nom
2nd
remembering
remind
right
ole
amusing
warm
push
happpy
s.m.j.
droid
bf
falling
ni.got.u:)
by
loving
stress
course
naked
sunburnt
quite
training
dunno
massive
spanish
draft
sad
say
rained
saw
sat
somethings
knew
knee
pages
jumped
cities
coughing
blah
thinkin
scholarship
stranger
;p
;)
stone
meal
neighbor
bond
burning
graduate
gifts
hello
code
hunting
via
teen
mall
male
garden
plant
plans
soundtrack
trade
makeup
its
alll
ally
it.
it!
all!
all.
all-
england
tonite
ftw
hott
stairs
auditions
buried
sayin
giants
#
europe
load
forgetting
pound
mins
crying
333
mummy
religion
woah
rise
napping
receive
stops
freakin
gettin
they've
pajamas
drill
involved
backk
balls
pour
pieces
tied
mental
society
grilled
grandpa
re-post
allow
stronger
manga
=p
=d
luck!
rough
=]
cranky
lucky
=/
=)
lazy
greatful
waste
sad.
broccoli
less
ganna
trash
schedule
lastnight
hiding
shoppin
singing
ughhh
idol
monday
inspiration
we'll
opportunities
blueberry
haha
pierced
eclipse
crackers
goood
aaah
fav
lab
lay
lap
las
ticket
break
bread
blows
network
target
iron
everything
toast
happiest
besties
pushed
hardest
tough
relaxing
ideas
she'll
emotional
holding
scored
3am
upper
sincerely
>:)
>:(
angels
club
?.
?)
whenever
yah
birthdays
shouldnt
accomplish
rly
yourself
that
thai
flowers
than
terrific
begin
aint
title
learning
cares
figured
worry
charger
thinking
asap
bedtime
elementary
pirates
cats
carpet
handle
manager
i'll
forgive
private
amount
egg
goodmorning
motivated
todo
event
rude
superbowl
albums
philly
wats
mobile
basement
double
x
throwing
probably
fiance
clothes
whatever
cleaning
yankees
parade
fathers
some
b/c
draw
kansas
drag
facebook
button
plays
nitey
vbs
weren't
popped
talks
control
longest
him
front
seniors
florida
evans
quality
playlist
bieber
are
need
eachother
upset
impression
various
shake
computer
a.m.
poem
harder
texting
utah
crushed
warmer
museum
signed
pumped
piece
contest
ground
3rd
better!
better.
teaching
updated
stolen
updates
skills
force
japanese
lights
tips
pancakes
army
arms
vodka
thankyou
woohoo
cheese
better
workout
content
little
grade
boating
somewhat
silly
edge
lyrics
wearing
13
12
16
brought
said
1,
now.
now!
grown
sittin
thoughts
left
just
background
-_-
lied
lies
attached
babysitting
daily
mile
milk
show
lake
shoe
zzz
french
earthquake
massage
pero
bites
nyc
staying
q
switch
ours
lungs
bein
california
theatre
normal
especially
finishing
gaga
parent
sprained
pay
stepped
running
disappointed
laughing
organizing
road
brother's
fellow
forget
neighborhood
further
abt
(2)
shark
share
lifes
frisbee
5:30
thnx
upside
hurting
good
gooo
pregnant
lovers
wanting
5th
muscles
gotten
outta
mountain
dancing
giant
hold
donate
annual
oovoo
headaches
mikey
meeting
itself
!:)
italy
yesterday
steps
snap
bio
confession
big
bit
google
often
ourselves
costumes
drama
tomorrow's
papa
mia
depression
sink
others
sing
unpacking
dj
tan
winning
<
dad
dam
dat
day
inbox
early
gear
lovee
loved
daycare
loves
lover
text
photography
calling
routine
otherwise
mafia
plain
helped
position
clinic
quiero
fyi
soft
stuffy
brand
reminds
life's
yell
thunderstorms
8th
sleep
feeding
christ
saint
changes
muse
tampa
must
talkative
writing
grey's
explode
celebrating
driving
arizona
free
laughed
rides
cookout
glow
rogers
2morrow
pops
earth
chipotle
players
faces
bathroom
confident
catch
fridays
uploading
hearts
cutest
puzzle
puke
maddy
younger
serious
brother
movie
drinks
stressful
graduated
awkward
moms
sunrise
charleston
view
white
wide
happily
tanning
multiple
tornado
everrr
that's
:'(
comp
como
come
23
peaceful
(i'm
10:30
bowl
physical
atleast
we've
fridge
valley
toilet
5
championship
booked
calls
exhausting
<3"
<3.
will
anniversary
relaxation
suddenly
chores
whore
return
hoping
cigarettes
success
convinced
dang
seasons
doggie
fone
believe
cartoons
tourney
dumb
freshmen
c
finds
wrap
rip
rid
moving
noodle
netflix
arrived
prom
prob
because
familia
called
wished
wishes
notes
waiting
engine
apple
apply
iced
txtt
porch
proof
tax
tay
tag
panic
bye
crash
practice
myspace
accent
afraid
allergies
workin
words
ghetto
closer
closet
genius
closed
pants
safely
bbq
verizon
mighty
rocked
sky
ski
sick
know
nigga
june
entirely
getting
registration
i've
'll
illinois